base: wall thickness p01 1.374 / p05 2.0 / median 3.002 mm (37859 of 37859 points)
thickness base: 2 found
/Users/fabian/Projects/fumex/.venv/lib/python3.14/site-packages/trimesh/triangles.py:550: RuntimeWarning: divide by zero encountered in divide
  inverse_denominator = 1.0 / (dot00 * dot11 - dot01 * dot01)
/Users/fabian/Projects/fumex/.venv/lib/python3.14/site-packages/trimesh/triangles.py:555: RuntimeWarning: invalid value encountered in subtract
  barycentric[:, 0] = 1 - barycentric[:, 1] - barycentric[:, 2]
  {'area_mm2': 20.0, 'min_mm': 0.8, 'median_mm': 0.8, 'bounds': [[86.8, 0.0, 19.5], [89.4, 0.8, 22.4]]}
  {'area_mm2': 12.0, 'min_mm': 0.8, 'median_mm': 0.8, 'bounds': [[79.6, 0.0, 19.7], [81.3, 0.8, 21.9]]}
head: wall thickness p01 2.3 / p05 2.4 / median 3.0 mm (65204 of 65404 points)
thickness head: 0 found
head_back: wall thickness p01 2.001 / p05 2.5 / median 4.0 mm (23656 of 23656 points)
thickness head_back: 0 found
cassette: wall thickness p01 1.3 / p05 2.5 / median 4.5 mm (20664 of 20664 points)
thickness cassette: 0 found
knob: wall thickness p01 0.22 / p05 1.0 / median 5.5 mm (2000 of 2000 points)
thickness knob: 0 found
foot: wall thickness p01 1.65 / p05 1.65 / median 4.5 mm (2000 of 2000 points)
thickness foot: 0 found
ball_lid: wall thickness p01 1.6 / p05 3.0 / median 3.0 mm (3173 of 3173 points)
thickness ball_lid: 0 found
filter_support: wall thickness p01 2.4 / p05 2.4 / median 3.0 mm (2000 of 2000 points)
thickness filter_support: 0 found
FOUND: 2 thickness findings in 8 meshes -> /Users/fabian/Projects/fumex/build/analysis/thickness.json
