base: wall thickness p01 1.374 / p05 2.0 / median 3.0 mm (37864 of 37864 points)
thickness base: 1 found
/Users/fabian/Projects/fumex/.venv/lib/python3.14/site-packages/trimesh/triangles.py:550: RuntimeWarning: divide by zero encountered in divide
  inverse_denominator = 1.0 / (dot00 * dot11 - dot01 * dot01)
/Users/fabian/Projects/fumex/.venv/lib/python3.14/site-packages/trimesh/triangles.py:555: RuntimeWarning: invalid value encountered in subtract
  barycentric[:, 0] = 1 - barycentric[:, 1] - barycentric[:, 2]
  {'area_mm2': 20.0, 'min_mm': 0.8, 'median_mm': 0.8, 'bounds': [[86.7, 0.0, 19.6], [88.5, 0.8, 22.4]]}
head: wall thickness p01 2.3 / p05 2.4 / median 3.0 mm (65088 of 65277 points)
thickness head: 0 found
head_back: wall thickness p01 2.002 / p05 2.5 / median 4.0 mm (23678 of 23678 points)
thickness head_back: 0 found
cassette: wall thickness p01 1.3 / p05 2.5 / median 4.5 mm (20664 of 20664 points)
thickness cassette: 0 found
knob: wall thickness p01 0.217 / p05 1.0 / median 7.503 mm (2000 of 2000 points)
thickness knob: 0 found
foot: wall thickness p01 1.65 / p05 1.65 / median 4.5 mm (2000 of 2000 points)
thickness foot: 0 found
ball_lid: wall thickness p01 1.5 / p05 1.5 / median 3.0 mm (3194 of 3194 points)
thickness ball_lid: 0 found
filter_support: wall thickness p01 2.4 / p05 2.4 / median 3.0 mm (2000 of 2000 points)
thickness filter_support: 0 found
FOUND: 1 thickness findings in 8 meshes -> /Users/fabian/Projects/fumex/build/analysis/thickness.json
